[backblue.gif]
[fade.gif]
[index.html]
[code.jquery.com/jquery-latest.min.js]
[www.fcibank.com.pk/catalog/view/theme/default/js/jquery-1.9.1.min.js]
[www.fcibank.com.pk/catalog/view/theme/default/js/jquery.marquee.js]
[www.fcibank.com.pk/catalog/view/theme/default/js/jssor.js]
[www.fcibank.com.pk/catalog/view/theme/default/js/jssor.slider.js]
[www.fcibank.com.pk/catalog/view/theme/default/image/logo.png]
[www.fcibank.com.pk/catalog/view/theme/default/image/company_profie_icon.png]
[www.fcibank.com.pk/catalog/view/theme/default/image/products_icon.png]
[www.fcibank.com.pk/catalog/view/theme/default/image/rating_icon.png]
[www.fcibank.com.pk/catalog/view/theme/default/image/media_icon.png]
[www.fcibank.com.pk/image/data/first2-2.jpg]
[www.fcibank.com.pk/image/data/first1-2.jpg]
[www.fcibank.com.pk/catalog/view/theme/default/image/board_director_icon.png]
[www.fcibank.com.pk/catalog/view/theme/default/image/services_icon.png]
[www.fcibank.com.pk/catalog/view/theme/default/image/associate_icon.png]
[www.fcibank.com.pk/catalog/view/theme/default/image/twitter_icon.png]
[www.fcibank.com.pk/catalog/view/theme/default/image/twitter_icon2.png]
[www.fcibank.com.pk/catalog/view/theme/default/image/facebook_icon.png]
[www.fcibank.com.pk/catalog/view/theme/default/image/linked_in.png]
[www.fcibank.com.pk/index.html]
[www.fcibank.com.pk/catalog/js/script.html]
[www.fcibank.com.pk/catalog/view/theme/default/stylesheet/Pare_Normal.eot]
[www.fcibank.com.pk/catalog/view/theme/default/stylesheet/Pare Normal.ttf]
[www.fcibank.com.pk/catalog/view/theme/default/image/header_pix.png]
[www.fcibank.com.pk/catalog/view/theme/default/image/header_pix_inner.png]
[www.fcibank.com.pk/catalog/view/theme/default/image/content_separator.png]
[www.fcibank.com.pk/catalog/view/theme/default/image/location_img.png]
[www.fcibank.com.pk/catalog/view/theme/default/image/close_icon.png]
[www.fcibank.com.pk/catalog/view/theme/default/stylesheet/style.css]
[www.fcibank.com.pk/index9328.html]
[www.fcibank.com.pk/index8628.html]
[www.fcibank.com.pk/indexb11f.html]
[www.fcibank.com.pk/indexad83.html]
[www.fcibank.com.pk/indexf55e.html]
[www.fcibank.com.pk/index23da.html]
[www.fcibank.com.pk/FCIBL-Pattern-of-Shareholding-June-2022-English.pdf]
[www.fcibank.com.pk/indexb10a.html]
[www.fcibank.com.pk/indexecda.html]
[www.fcibank.com.pk/index0903.html]
[www.fcibank.com.pk/TERMS OF REFERENCE OF AUDIT COMMITTEE.pdf]
[www.fcibank.com.pk/TORs of HRRC-FCIBL.pdf]
[www.fcibank.com.pk/indexbea1.html]
[www.fcibank.com.pk/catalog/view/theme/default/image/secp-2019.jpg]
[www.fcibank.com.pk/Consent for the transmission of annual audited accounts.docx]
[www.fcibank.com.pk/Dividend Mandate Form-Notice.docx]
[www.fcibank.com.pk/indexa2d5.html]
[www.fcibank.com.pk/index13de.html]
[www.fcibank.com.pk/index1a92.html]
[www.fcibank.com.pk/index1ba0.html]
[www.fcibank.com.pk/indexc04e.html]
[www.fcibank.com.pk/FCIBL-CarLoan_Brochure.pdf]
[www.fcibank.com.pk/index3802.html]
[www.fcibank.com.pk/FCIBL-CF-MutualFund.pdf]
[www.fcibank.com.pk/indexfde5.html]
[www.fcibank.com.pk/index61aa.html]
[www.fcibank.com.pk/index058e.html]
[www.fcibank.com.pk/index8587.html]
[www.fcibank.com.pk/indexe0fe.html]
[www.fcibank.com.pk/indexf80b.html]
[www.fcibank.com.pk/index2556.html]
[www.fcibank.com.pk/Reports/FCIBL-ANNUAL-ACCOUNTS-2022.pdf]
[www.fcibank.com.pk/Reports/FCIB-HalfYearly-December-2021.pdf]
[www.fcibank.com.pk/Reports/FCIB Quarterly Report September 2022.pdf]
[www.fcibank.com.pk/Reports/FCIB ANNUAL ACCOUNTS JUNE 2021.pdf]
[www.fcibank.com.pk/Reports/FCIB Half yearly December-2020.pdf]
[www.fcibank.com.pk/Reports/FCIBL-Quarterly-March-2022.pdf]
[www.fcibank.com.pk/Reports/FCIB ANNUAL ACCOUNTS 2020.pdf]
[www.fcibank.com.pk/Reports/FCIBL-HalfYearly-Dec-2019.pdf]
[www.fcibank.com.pk/Reports/FCIB Quarterly Report September 2021.pdf]
[www.fcibank.com.pk/Reports/June2019/FCIB ANNUAL ACCOUNTS-2019.pdf]
[www.fcibank.com.pk/Reports/FCIBL-Halfyearly-Dec-2018.pdf]
[www.fcibank.com.pk/Reports/FCIB Quarterly Report March 2021.pdf]
[www.fcibank.com.pk/Reports/FCIBL ANNUAL ACCOUNTS-2018.pdf]
[www.fcibank.com.pk/Reports/FCIB-Half-yearly-December-2017.pdf]
[www.fcibank.com.pk/Reports/FCIBL-Quarterly-September 2020.pdf]
[www.fcibank.com.pk/Reports/FCIBL_ANNUAL_ACCOUNTS_2017.pdf]
[www.fcibank.com.pk/Reports/FCIB Half yearly December-2016.pdf]
[www.fcibank.com.pk/Reports/FCIBL-QuarterlyReport-March2020.pdf]
[www.fcibank.com.pk/Reports/FCIBL-Annual-Accounts-2016.pdf]
[www.fcibank.com.pk/Reports/FCIB Half yearly December-2015.pdf]
[www.fcibank.com.pk/Reports/FCIBL-Quarterly-Sept-2019.pdf]
[www.fcibank.com.pk/Reports/FCIB-ANNUAL-REP-ACCOUNTS-2015.pdf]
[www.fcibank.com.pk/Reports/FCIB-HALF-YEARLY-DEC2014.pdf]
[www.fcibank.com.pk/Reports/FCIBL-Quarterly-March-2019.pdf]
[www.fcibank.com.pk/Reports/FCIB-ANNUAL-ACCOUNTS-2014.pdf]
[www.fcibank.com.pk/Reports/FCIB-HALF-YEARLY-DEC2013.pdf]
[www.fcibank.com.pk/Reports/FCIBL-Qaurterly-Sept 2018.pdf]
[www.fcibank.com.pk/Reports/FCIB-ANNUAL-ACCOUNTS-2013.pdf]
[www.fcibank.com.pk/Reports/FCIB-HALF-YEARLY-DEC2012.pdf]
[www.fcibank.com.pk/Reports/FCIBL-Accounts-March2018.pdf]
[www.fcibank.com.pk/Reports/FCIB-ANNUAL-ACCOUNTS-2012.pdf]
[www.fcibank.com.pk/Reports/FCIB-HALF-YEARLY-DEC2011.pdf]
[www.fcibank.com.pk/Reports/FCIB-Quarterly-Sept-2017.pdf]
[www.fcibank.com.pk/Reports/FCIB-ANNUAL-ACCOUNTS-2011.pdf]
[www.fcibank.com.pk/Reports/FCIB Quarterly Report March 2017.pdf]
[www.fcibank.com.pk/Reports/FCIB-ANNUAL-ACCOUNTS-2010.pdf]
[www.fcibank.com.pk/Reports/FCIB-Quarterly-Sept-2016.pdf]
[www.fcibank.com.pk/Reports/FCIB-ANNUAL-ACCOUNTS-2009.pdf]
[www.fcibank.com.pk/Reports/FCIB-Quarterly-Report-March-2016.pdf]
[www.fcibank.com.pk/Reports/FCIBL-ANNUAL-ACCOUNTS-2008.pdf]
[www.fcibank.com.pk/Reports/FCIB-Quarterly-Sept-2015.pdf]
[www.fcibank.com.pk/Reports/Annual-Report-2007.pdf]
[www.fcibank.com.pk/Reports/FCIB-Quarterly-MAR2015.pdf]
[www.fcibank.com.pk/Reports/FCIB-Quarterly-SEP2014.pdf]
[www.fcibank.com.pk/Reports/FCIB-Quarterly-MAR2014.pdf]
[www.fcibank.com.pk/Reports/FCIB-Quarterly-SEP2013.pdf]
[www.fcibank.com.pk/Reports/FCIB-Quarterly-MAR2013.pdf]
[www.fcibank.com.pk/Reports/FCIB-Quarterly-SEP2012.pdf]
[www.fcibank.com.pk/Reports/FCIB-Quarterly-MAR2012.pdf]
[www.fcibank.com.pk/Reports/FCIB-Quarterly-SEP2011.pdf]
[www.fcibank.com.pk/indexb78d.html]
[www.fcibank.com.pk/indexc9c6.html]
[www.fcibank.com.pk/index0b4c.html]
[www.fcibank.com.pk/index984e.html]
[www.fcibank.com.pk/indexb72b.html]
[www.fcibank.com.pk/index89a3.html]
[www.fcibank.com.pk/Corporate Briefing/FCIBL-CorporateBriefing-October-2022.pdf]
[www.fcibank.com.pk/index5712.html]
[www.fcibank.com.pk/index8460.html]
[www.fcibank.com.pk/Complaince/FCIBL-Website-Compliance-Certificate-June-2021.pdf]
[www.fcibank.com.pk/index2ea8.html]
[www.fcibank.com.pk/catalog/image/index.html]
[www.fcibank.com.pk/catalog/img/loading.html]
[www.fcibank.com.pk/index1ad7.html]
[www.fcibank.com.pk/index524c.html]
[www.fcibank.com.pk/indexac03.html]
[www.fcibank.com.pk/indexce23.html]
[www.fcibank.com.pk/index35ee.html]
[www.fcibank.com.pk/index349b.html]
[www.fcibank.com.pk/AGM2022/FCIBL-Notice-AGM-2022-English.pdf]
[www.fcibank.com.pk/AGM2022/FCIBL-Notice-AGM-2022-Urdu.pdf]
[www.fcibank.com.pk/AGM2022/FCIBL-ProxyForm-2022-English.pdf]
[www.fcibank.com.pk/AGM2022/FCIBL-PressRelease-AGM2022-Urdu.pdf]
[www.fcibank.com.pk/AGM2022/FCIBL-PressRelease-AGM-2022-English.pdf]
[www.fcibank.com.pk/indexa918.html]
[www.fcibank.com.pk/index2151.html]
[www.fcibank.com.pk/catalog/view/theme/default/stylesheet/Pare_Normal.html]
[www.fcibank.com.pk/catalog/view/theme/default/images/shadow.html]
[www.fcibank.com.pk/catalog/view/theme/default/images/slider_back.html]
[www.fcibank.com.pk/catalog/view/theme/default/images/slider_top_left_wrap.html]
[www.fcibank.com.pk/catalog/view/theme/default/stylesheet/img/browser-icons.html]
[www.fcibank.com.pk/catalog/view/theme/default/stylesheet/img/a02.html]
[www.fcibank.com.pk/image/data/006.html]
[www.fcibank.com.pk/image/data/f.html]
[www.fcibank.com.pk/image/index.html]
[www.fcibank.com.pk/image/data/003.html]
[www.fcibank.com.pk/image/data/GrantThorntonlogo.html]
[www.fcibank.com.pk/indexa9b0.html]
[www.fcibank.com.pk/image/data/001.html]
[www.fcibank.com.pk/image/data/007.html]
[www.fcibank.com.pk/index730f.html]
[www.fcibank.com.pk/indexb7e4.html]
